----------------------------------------------------------------------
--------------N.I.N.A. - Nighttime Imaging 'N' Astronomy--------------
--------------------------Version 3.2.0.9001--------------------------
-------------------------2026-09-02T19:50:43--------------------------
----------------------------------------------------------------------
---------------------Microsoft Windows 10.0.17763---------------------
-------------------------OS Architecture X64--------------------------
-----------------------Process Architecture X64-----------------------
-----------------------------.NET 8.0.21------------------------------
----------------------------------------------------------------------
--------------------------Processor Count 2---------------------------
--------------------Total Physical Memory 11.68 GB--------------------
----------------------------------------------------------------------
DATE|LEVEL|SOURCE|MEMBER|LINE|MESSAGE
2026-09-02T19:50:43.8184|INFO|CameraChooserVM.cs|GetEquipment|69|Found 1 ASI Cameras
2026-09-02T19:50:44.4377|INFO|CameraChooserVM.cs|GetEquipment|84|Found 1 Altair Cameras
2026-09-02T19:50:44.8102|INFO|CameraChooserVM.cs|GetEquipment|96|Found 0 Atik Cameras
2026-09-02T19:50:44.9062|INFO|CameraChooserVM.cs|GetEquipment|110|Found 0 FLI Cameras
2026-09-02T19:50:46.5168|INFO|CameraChooserVM.cs|GetEquipment|130|Found 2 QHYCCD Cameras
2026-09-02T19:50:49.0409|INFO|CameraChooserVM.cs|GetEquipment|158|Found 2 ToupTek Cameras
2026-09-02T19:50:49.3123|INFO|CameraChooserVM.cs|GetEquipment|173|Found 1 Ogma Cameras
2026-09-02T19:50:49.7084|INFO|CameraChooserVM.cs|GetEquipment|188|Found 2 Omegon Cameras
2026-09-02T19:50:50.4403|INFO|CameraChooserVM.cs|GetEquipment|203|Found 2 RisingCam Cameras
2026-09-02T19:50:50.8633|INFO|CameraChooserVM.cs|GetEquipment|218|Found 1 MallinCam Cameras
2026-09-02T19:50:51.3002|INFO|CameraChooserVM.cs|GetEquipment|243|Found 1 SVBony Cameras
2026-09-02T19:50:51.3035|INFO|CameraChooserVM.cs|GetEquipment|259|Found 0 SBIG Cameras
2026-09-02T19:50:52.2816|INFO|PluginLoader.cs|LoadPlugin|402|Successfully loaded plugin Connector version 2.1.0.2 by Stefan Berg @isbeorn
2026-09-02T19:50:53.2642|INFO|PluginLoader.cs|LoadPlugin|402|Successfully loaded plugin Digital StarGate Observatory Telemetry Exporter version 0.3.1.0 by Digital StarGate
2026-09-02T19:51:03.2815|INFO|PluginLoader.cs|LoadPlugin|402|Successfully loaded plugin Hocus Focus version 3.0.0.25 by George Hilios (jokogeo)
2026-09-02T19:51:04.8002|INFO|PluginLoader.cs|LoadPlugin|402|Successfully loaded plugin Remote Copy version 3.0.1.0 by Tom Palmer @tcpalmer
2026-09-02T19:51:42.8927|INFO|PluginLoader.cs|LoadPlugin|402|Successfully loaded plugin RTSP Client version 3.1.0.6 by Stefan Berg @isbeorn
2026-09-02T19:51:43.3113|INFO|PluginLoader.cs|LoadPlugin|402|Successfully loaded plugin Three Point Polar Alignment version 2.2.4.3 by Stefan Berg @isbeorn
2026-09-02T19:51:43.5927|INFO|PluginLoader.cs|LoadPlugin|402|Successfully loaded plugin WandererAstro Tools version 3.0.0.0 by WandererAstro
2026-09-02T19:51:44.9174|INFO|PluginFetcher.cs|RequestAll|43|Fetching plugin manifests from https://nighttime-imaging.eu/wp-json/nina/v1/plugins/manifests
2026-09-02T19:51:46.7114|INFO|CameraChooserVM.cs|GetEquipment|279|Found 0 SVBony Cameras
2026-09-02T19:51:46.8284|INFO|CameraChooserVM.cs|GetEquipment|279|Found 0 PlayerOne Cameras
2026-09-02T19:51:46.8955|INFO|CameraChooserVM.cs|GetEquipment|279|Found 0 ASTPAN Cameras
2026-09-02T19:51:46.8984|INFO|CameraChooserVM.cs|GetEquipment|293|Found 13 ASCOM Cameras
2026-09-02T19:51:48.3460|INFO|SafetyMonitorChooserVM.cs|GetEquipment|71|Found 0 Alpaca Safety Monitors
2026-09-02T19:51:48.4974|INFO|TelescopeChooserVM.cs|GetEquipment|69|Found 0 Alpaca Telescopes
2026-09-02T19:51:48.9291|INFO|ApplicationVM.cs|CheckASCOMPlatformVersion|81|ASCOM Platform 7.1.3.4851 installed
2026-09-02T19:51:49.3465|INFO|FocuserChooserVM.cs|GetEquipment|84|Found 0 Alpaca Focusers
2026-09-02T19:51:49.3479|INFO|CameraChooserVM.cs|GetEquipment|305|Found 0 Alpaca Cameras
2026-09-02T19:51:49.3515|INFO|CameraChooserVM.cs|GetEquipment|318|Found 0 Canon Cameras
2026-09-02T19:51:49.3679|INFO|RotatorChooserVM.cs|GetEquipment|68|Found 0 Alpaca Rotators
2026-09-02T19:51:49.3747|INFO|FilterWheelChooserVM.cs|GetEquipment|193|Found 0 Alpaca Filter Wheels
2026-09-02T19:51:50.0307|INFO|FlatDeviceChooserVM.cs|GetEquipment|67|Found 0 Alpaca Cover Calibrators
2026-09-02T19:51:50.6311|INFO|DomeChooserVM.cs|GetEquipment|67|Found 0 Alpaca Domes
2026-09-02T19:51:50.7609|INFO|ApplicationVM.cs|CheckDiskInfo|100|Available Space on Drive C:\: 1.24 GB
2026-09-02T19:51:50.7611|INFO|ApplicationVM.cs|CheckDiskInfo|100|Available Space on Drive D:\: 331.67 GB
2026-09-02T19:51:50.7663|INFO|WeatherDataChooserVM.cs|GetEquipment|69|Found 0 Alpaca Observing Conditions
2026-09-02T19:51:52.7876|INFO|PluginFetcher.cs|RequestAll|57|Found 93 valid plugins at https://nighttime-imaging.eu/wp-json/nina/v1/plugins/manifests
2026-09-02T19:51:52.7981|INFO|SwitchChooserVM.cs|GetEquipment|71|Found 0 Alpaca Switch Hubs
2026-09-02T19:51:53.7957|INFO|CameraVM.cs|Disconnect|650|Disconnected Camera
2026-09-02T19:51:53.8021|INFO|QHYCamera.cs|ConnectSync|766|QHYCCD: Connecting to 695A-M-0037ec709603ca4e3
2026-09-02T19:51:57.0563|INFO|FilterWheelVM.cs|Disconnect|333|Disconnected Filter Wheel
2026-09-02T19:51:57.3607|INFO|FilterWheelVM.cs|ChooseFW|279|Successfully connected Filter Wheel. Id: 695A-M-0037ec709603ca4e3 Name: 695A-M 8-Slot Filter Wheel DisplayName: 695A-M 8-Slot Filter Wheel Driver Version: 1.0
2026-09-02T19:52:00.0774|INFO|FocuserVM.cs|Disconnect|441|Disconnected Focuser
2026-09-02T19:52:02.6770|INFO|FocuserVM.cs|ChooseFocuser|333|Successfully connected Focuser. Id: ASCOM.PegasusAstro.Focuser Name: Pegasus Astro Focus Controller DisplayName: Pegasus Astro Focus Controller (ASCOM) Driver Version: 2.20
2026-09-02T19:52:09.9364|INFO|TelescopeVM.cs|Disconnect|740|Disconnected mount
2026-09-02T19:52:10.1166|INFO|AscomTelescope.cs|CheckMountTime|845|Mount UTC Time: 2026-09-02 17:52:10Z / System UTC Time: 2026-09-02 17:52:10Z; Difference: 0.005 seconds
2026-09-02T19:52:10.1776|INFO|AscomTelescope.cs|CheckMountTime|865|Mount driver does not allow the mount's time to be set.
2026-09-02T19:52:10.2207|INFO|AscomDevice.cs|GetProperty|527|Property Telescope.SiteElevation GET is not implemented in this driver (CPWI_ASCOM_Telescope)
2026-09-02T19:52:10.8705|INFO|TelescopeVM.cs|ChooseTelescope|535|Successfully connected mount. Id: ASCOM.Optec ASCOM.Telescope Name: CPWI_ASCOM_Telescope DisplayName: CPWI_ASCOM_Telescope (ASCOM) Driver Version: 2.5.9.99  with DLL Assembly Date: July_1_2020
2026-09-02T19:52:13.3733|INFO|PHD2Guider.cs|Connect|205|Connecting to PHD2 server at 127.0.0.1:4400
2026-09-02T19:52:17.6012|INFO|FlatDeviceVM.cs|Disconnect|289|Disconnected Flat Device
2026-09-02T19:53:14.4566|INFO|QHYCamera.cs|ConnectSync|1020|QHYCCD: SDK version: 25-4-23-15
2026-09-02T19:53:14.4568|INFO|QHYCamera.cs|ConnectSync|1021|QHYCCD: USB driver version: 
2026-09-02T19:53:14.4569|INFO|QHYCamera.cs|ConnectSync|1022|QHYCCD: Camera firmware version: 18-10-24
2026-09-02T19:53:14.4570|INFO|QHYCamera.cs|ConnectSync|1023|QHYCCD: Camera FPGA versions: N/A
2026-09-02T19:53:14.5050|INFO|CameraVM.cs|ChooseCamera|455|Successfully connected Camera. Id: 695A-M-0037ec709603ca4e3 Name: 695A-M DisplayName: 695A-M (603ca4e3)Driver Version: 
2026-09-02T19:54:18.7180|ERROR|AscomDevice.cs|Connect|308
ASCOM.DriverException: An error occurred while WandererEmpire was connecting to the device. Please confirm that WandererEmpire can connect to the device correctly.
 ---> System.Exception: An error occurred while WandererEmpire was connecting to the device. Please confirm that WandererEmpire can connect to the device correctly.
   --- End of inner exception stack trace ---
   at ASCOM.Com.DriverAccess.DynamicAccess.CheckDotNetExceptions(String memberName, Exception e) in J:\ASCOMLibrary\ASCOM.Com\ASCOM.Com.DriverAccess\BaseClass\DynamicAccess.cs:line 278
   at ASCOM.Com.DriverAccess.DynamicAccess.TrySetMember(SetMemberBinder binder, Object value) in J:\ASCOMLibrary\ASCOM.Com\ASCOM.Com.DriverAccess\BaseClass\DynamicAccess.cs:line 105
   at CallSite.Target(Closure, CallSite, Object, Boolean)
   at ASCOM.Com.DriverAccess.ASCOMDevice.set_Connected(Boolean value) in J:\ASCOMLibrary\ASCOM.Com\ASCOM.Com.DriverAccess\BaseClass\ASCOMDevice.cs:line 47
   at NINA.Equipment.Equipment.AscomDevice`1.set_Connected(Boolean value) in /_/NINA.Equipment/Equipment/AscomDevice.cs:line 178
   at NINA.Equipment.Equipment.AscomDevice`1.<Connect>b__58_0() in /_/NINA.Equipment/Equipment/AscomDevice.cs:line 275
2026-09-02T19:54:18.7685|INFO|AscomDevice.cs|Disconnect|378|Disconnecting from ASCOM.WandererCover1.CoverCalibrator WandererEmpire Cover 1
2026-09-02T19:54:48.7683|INFO|FlatDeviceVM.cs|Disconnect|289|Disconnected Flat Device
2026-09-02T19:55:34.9347|INFO|QHYCamera.cs|Disconnect|1057|QHYCCD: Closing camera 695A-M-0037ec709603ca4e3
2026-09-02T19:55:34.9686|INFO|CameraVM.cs|Disconnect|650|Disconnected Camera
2026-09-02T19:55:38.3806|INFO|FilterWheelVM.cs|Disconnect|333|Disconnected Filter Wheel
2026-09-02T19:55:41.5496|INFO|AscomDevice.cs|Disconnect|378|Disconnecting from ASCOM.PegasusAstro.Focuser Pegasus Astro Focus Controller
2026-09-02T19:55:41.6854|INFO|FocuserVM.cs|Disconnect|441|Disconnected Focuser
2026-09-02T19:55:44.6089|INFO|AscomDevice.cs|Disconnect|378|Disconnecting from ASCOM.Optec ASCOM.Telescope CPWI_ASCOM_Telescope
2026-09-02T19:55:44.6677|INFO|TelescopeVM.cs|Disconnect|740|Disconnected mount
2026-09-02T19:55:50.7332|INFO|ApplicationVM.cs|Exit|244|Shutting down application - requested by user
2026-09-02T19:55:50.7823|INFO|ApplicationVM.cs|Closing|289|Application shutting down
2026-09-02T19:55:50.9420|INFO|DomeVM.cs|Disconnect|355|Disconnected Dome Device
2026-09-02T19:55:50.9447|INFO|FlatDeviceVM.cs|Disconnect|289|Disconnected Flat Device
2026-09-02T19:55:50.9543|INFO|CameraVM.cs|Disconnect|650|Disconnected Camera
2026-09-02T19:55:50.9551|INFO|TelescopeVM.cs|Disconnect|740|Disconnected mount
2026-09-02T19:55:50.9565|INFO|FilterWheelVM.cs|Disconnect|333|Disconnected Filter Wheel
2026-09-02T19:55:50.9569|INFO|FocuserVM.cs|Disconnect|441|Disconnected Focuser
2026-09-02T19:55:50.9611|INFO|RotatorVM.cs|Disconnect|447|Disconnected Rotator
2026-09-02T19:55:50.9643|INFO|SwitchVM.cs|Disconnect|309|Disconnected Switch
2026-09-02T19:55:50.9678|INFO|WeatherDataVM.cs|Disconnect|305|Disconnected Weather Device
2026-09-02T19:55:50.9706|INFO|SafetyMonitorVM.cs|Disconnect|221|Disconnected Safety Monitor
