----------------------------------------------------------------------
--------------N.I.N.A. - Nighttime Imaging 'N' Astronomy--------------
--------------------------Version 3.2.0.9001--------------------------
-------------------------2026-09-23T16:34:14--------------------------
----------------------------------------------------------------------
---------------------Microsoft Windows 10.0.17763---------------------
-------------------------OS Architecture X64--------------------------
-----------------------Process Architecture X64-----------------------
-----------------------------.NET 8.0.21------------------------------
----------------------------------------------------------------------
--------------------------Processor Count 2---------------------------
--------------------Total Physical Memory 11.68 GB--------------------
----------------------------------------------------------------------
DATE|LEVEL|SOURCE|MEMBER|LINE|MESSAGE
2026-09-23T16:34:14.2766|INFO|CameraChooserVM.cs|GetEquipment|69|Found 1 ASI Cameras
2026-09-23T16:34:15.8819|INFO|CameraChooserVM.cs|GetEquipment|84|Found 1 Altair Cameras
2026-09-23T16:34:16.3488|INFO|CameraChooserVM.cs|GetEquipment|96|Found 0 Atik Cameras
2026-09-23T16:34:16.4828|INFO|CameraChooserVM.cs|GetEquipment|110|Found 0 FLI Cameras
2026-09-23T16:34:17.8301|INFO|CameraChooserVM.cs|GetEquipment|130|Found 2 QHYCCD Cameras
2026-09-23T16:34:20.1304|INFO|CameraChooserVM.cs|GetEquipment|158|Found 2 ToupTek Cameras
2026-09-23T16:34:20.3699|INFO|CameraChooserVM.cs|GetEquipment|173|Found 1 Ogma Cameras
2026-09-23T16:34:20.7184|INFO|CameraChooserVM.cs|GetEquipment|188|Found 2 Omegon Cameras
2026-09-23T16:34:21.4557|INFO|CameraChooserVM.cs|GetEquipment|203|Found 2 RisingCam Cameras
2026-09-23T16:34:21.8083|INFO|CameraChooserVM.cs|GetEquipment|218|Found 1 MallinCam Cameras
2026-09-23T16:34:22.0016|INFO|CameraChooserVM.cs|GetEquipment|243|Found 1 SVBony Cameras
2026-09-23T16:34:22.0054|INFO|CameraChooserVM.cs|GetEquipment|259|Found 0 SBIG Cameras
2026-09-23T16:34:23.0829|INFO|PluginLoader.cs|LoadPlugin|402|Successfully loaded plugin Connector version 2.1.0.2 by Stefan Berg @isbeorn
2026-09-23T16:34:23.8234|INFO|PluginLoader.cs|LoadPlugin|402|Successfully loaded plugin Digital StarGate Observatory Telemetry Exporter version 0.3.1.0 by Digital StarGate
2026-09-23T16:34:31.7741|INFO|PluginLoader.cs|LoadPlugin|402|Successfully loaded plugin Hocus Focus version 3.0.0.25 by George Hilios (jokogeo)
2026-09-23T16:34:32.9068|INFO|PluginLoader.cs|LoadPlugin|402|Successfully loaded plugin Remote Copy version 3.0.1.0 by Tom Palmer @tcpalmer
2026-09-23T16:35:04.2087|INFO|PluginLoader.cs|LoadPlugin|402|Successfully loaded plugin RTSP Client version 3.1.0.6 by Stefan Berg @isbeorn
2026-09-23T16:35:04.5269|INFO|PluginLoader.cs|LoadPlugin|402|Successfully loaded plugin Three Point Polar Alignment version 2.2.4.3 by Stefan Berg @isbeorn
2026-09-23T16:35:04.7658|INFO|PluginLoader.cs|LoadPlugin|402|Successfully loaded plugin WandererAstro Tools version 3.0.0.0 by WandererAstro
2026-09-23T16:35:08.6348|INFO|PluginFetcher.cs|RequestAll|43|Fetching plugin manifests from https://nighttime-imaging.eu/wp-json/nina/v1/plugins/manifests
2026-09-23T16:35:09.2338|INFO|CameraChooserVM.cs|GetEquipment|279|Found 0 SVBony Cameras
2026-09-23T16:35:09.3289|INFO|CameraChooserVM.cs|GetEquipment|279|Found 0 PlayerOne Cameras
2026-09-23T16:35:09.4036|INFO|CameraChooserVM.cs|GetEquipment|279|Found 0 ASTPAN Cameras
2026-09-23T16:35:09.4072|INFO|CameraChooserVM.cs|GetEquipment|293|Found 13 ASCOM Cameras
2026-09-23T16:35:10.5561|INFO|FlatDeviceChooserVM.cs|GetEquipment|67|Found 0 Alpaca Cover Calibrators
2026-09-23T16:35:10.5876|INFO|DomeChooserVM.cs|GetEquipment|67|Found 0 Alpaca Domes
2026-09-23T16:35:10.5954|INFO|FocuserChooserVM.cs|GetEquipment|84|Found 0 Alpaca Focusers
2026-09-23T16:35:10.6674|INFO|FilterWheelChooserVM.cs|GetEquipment|193|Found 0 Alpaca Filter Wheels
2026-09-23T16:35:10.6688|INFO|SafetyMonitorChooserVM.cs|GetEquipment|71|Found 0 Alpaca Safety Monitors
2026-09-23T16:35:10.7839|INFO|ApplicationVM.cs|CheckASCOMPlatformVersion|81|ASCOM Platform 7.1.3.4851 installed
2026-09-23T16:35:10.8656|INFO|ApplicationVM.cs|CheckDiskInfo|100|Available Space on Drive C:\: 47.45 GB
2026-09-23T16:35:10.8659|INFO|ApplicationVM.cs|CheckDiskInfo|100|Available Space on Drive D:\: 317.25 GB
2026-09-23T16:35:10.8814|INFO|RotatorChooserVM.cs|GetEquipment|68|Found 0 Alpaca Rotators
2026-09-23T16:35:12.1747|INFO|SwitchChooserVM.cs|GetEquipment|71|Found 0 Alpaca Switch Hubs
2026-09-23T16:35:12.1987|INFO|CameraChooserVM.cs|GetEquipment|305|Found 0 Alpaca Cameras
2026-09-23T16:35:12.2022|INFO|CameraChooserVM.cs|GetEquipment|318|Found 0 Canon Cameras
2026-09-23T16:35:12.2156|INFO|TelescopeChooserVM.cs|GetEquipment|69|Found 0 Alpaca Telescopes
2026-09-23T16:35:12.9897|INFO|WeatherDataChooserVM.cs|GetEquipment|69|Found 0 Alpaca Observing Conditions
2026-09-23T16:35:13.9978|INFO|PluginFetcher.cs|RequestAll|57|Found 98 valid plugins at https://nighttime-imaging.eu/wp-json/nina/v1/plugins/manifests
2026-09-23T16:35:15.7655|INFO|CameraVM.cs|Disconnect|650|Disconnected Camera
2026-09-23T16:35:16.0427|ERROR|ToupTekAlikeCamera.cs|TemperatureSetPoint|104|ToupTek - Could not set TemperatureSetPoint to 1000
2026-09-23T16:35:16.5396|ERROR|ToupTekAlikeCamera.cs|LEDLights|806|ToupTek - Could not set LED Lights option to True
2026-09-23T16:35:16.8259|INFO|CameraVM.cs|ChooseCamera|455|Successfully connected Camera. Id: ToupTek_\\?\usb#vid_0547&pid_1433#6&1727222e&0&3 Name: ATR294C DisplayName: ATR294C (222e&0&3)Driver Version: 60.31631.20260606
2026-09-23T16:35:27.2215|INFO|CameraVM.cs|CoolCamera|138|Cooling Camera. Target: -10 Duration: 00:30:00
2026-09-23T16:35:30.4097|INFO|FilterWheelVM.cs|Disconnect|333|Disconnected Filter Wheel
2026-09-23T16:35:32.4600|INFO|FilterWheelVM.cs|ChooseFW|279|Successfully connected Filter Wheel. Id: ASCOM.ToupTek.FilterWheel Name: ASCOM.ToupTek.FilterWheel DisplayName: ASCOM.ToupTek.FilterWheel (ASCOM) Driver Version: 6.5
2026-09-23T16:35:32.9959|INFO|FocuserVM.cs|Disconnect|441|Disconnected Focuser
2026-09-23T16:35:35.8926|INFO|TelescopeVM.cs|Disconnect|740|Disconnected mount
2026-09-23T16:35:36.0922|INFO|AscomTelescope.cs|CheckMountTime|845|Mount UTC Time: 2026-09-23 14:35:36Z / System UTC Time: 2026-09-23 14:35:36Z; Difference: 0.005 seconds
2026-09-23T16:35:36.1757|INFO|AscomTelescope.cs|CheckMountTime|865|Mount driver does not allow the mount's time to be set.
2026-09-23T16:35:36.2460|INFO|AscomDevice.cs|GetProperty|527|Property Telescope.SiteElevation GET is not implemented in this driver (CPWI_ASCOM_Telescope)
2026-09-23T16:35:36.9551|INFO|TelescopeVM.cs|ChooseTelescope|535|Successfully connected mount. Id: ASCOM.Optec ASCOM.Telescope Name: CPWI_ASCOM_Telescope DisplayName: CPWI_ASCOM_Telescope (ASCOM) Driver Version: 2.5.9.99  with DLL Assembly Date: July_1_2020
2026-09-23T16:35:39.0693|INFO|PHD2Guider.cs|Connect|205|Connecting to PHD2 server at 127.0.0.1:4400
2026-09-23T16:35:40.6459|INFO|FocuserVM.cs|ChooseFocuser|333|Successfully connected Focuser. Id: ASCOM.ArcoEsatto.Focuser Name: PLL Focuser v3.7 DisplayName: PLL Focuser v3.7 (ASCOM) Driver Version: 3.7
2026-09-23T16:35:41.6368|INFO|FlatDeviceVM.cs|Disconnect|289|Disconnected Flat Device
2026-09-23T16:36:35.4512|INFO|FlatDeviceVM.cs|Connect|241|Successfully connected flat device. Id: ASCOM.WandererCover2.CoverCalibrator Name: WandererEmpire Cover 2 DisplayName: WandererEmpire Cover 2 (ASCOM) Driver Version: 2.0
2026-09-23T16:36:45.0709|INFO|WeatherDataVM.cs|Disconnect|305|Disconnected Weather Device
2026-09-23T16:36:47.1251|INFO|AscomDevice.cs|GetProperty|527|Property ObservingConditions.SkyBrightness GET is not implemented in this driver (CloudWatcher ObsCond)
2026-09-23T16:36:47.1394|INFO|AscomDevice.cs|GetProperty|527|Property ObservingConditions.SkyQuality GET is not implemented in this driver (CloudWatcher ObsCond)
2026-09-23T16:36:47.1570|INFO|AscomDevice.cs|GetProperty|527|Property ObservingConditions.StarFWHM GET is not implemented in this driver (CloudWatcher ObsCond)
2026-09-23T16:36:47.1713|INFO|AscomDevice.cs|GetProperty|527|Property ObservingConditions.WindDirection GET is not implemented in this driver (CloudWatcher ObsCond)
2026-09-23T16:36:47.1885|INFO|WeatherDataVM.cs|ChooseWeatherData|150|Successfully connected Weather Device. Id: ASCOM.CloudWatcher.ObservingConditions Name: CloudWatcher ObsCond DisplayName: CloudWatcher ObsCond (ASCOM) Driver Version: 1.1
2026-09-23T16:36:49.7389|INFO|DomeVM.cs|Disconnect|355|Disconnected Dome Device
2026-09-23T16:36:49.8827|INFO|AscomDevice.cs|GetProperty|527|Property Dome.AtPark GET is not implemented in this driver (Shelter Dome)
2026-09-23T16:36:49.8927|INFO|AscomDevice.cs|GetProperty|527|Property Dome.AtHome GET is not implemented in this driver (Shelter Dome)
2026-09-23T16:36:49.9205|INFO|AscomDevice.cs|GetProperty|527|Property Dome.Azimuth GET is not implemented in this driver (Shelter Dome)
2026-09-23T16:36:50.0948|INFO|DomeVM.cs|ChooseDome|198|Successfully connected Dome. Id: ASCOM.TS_Shelter.Dome Name: Shelter Dome DisplayName: Shelter Dome (ASCOM) Driver Version: 6.6
2026-09-23T16:36:52.1124|INFO|AscomDevice.cs|GetProperty|527|Property Dome.Altitude GET is not implemented in this driver (Shelter Dome)
2026-09-23T16:36:52.3143|INFO|SafetyMonitorVM.cs|Disconnect|221|Disconnected Safety Monitor
2026-09-23T16:36:53.4477|INFO|SafetyMonitorVM.cs|Connect|175|Successfully connected Safety Monitor. Id: ASCOM.Hub.SafetyMonitor Name: Short driver name - please customise DisplayName: Short driver name - please customise (ASCOM) Driver Version: 6.4
2026-09-23T16:37:31.0734|INFO|Sequence2VM.cs|LockSequence|139|Sequencer unlocked
2026-09-23T16:37:35.7770|INFO|DockManagerVM.cs|InitializeAvalonDockLayout|366|Initializing imaging tab layout from C:\Users\PrimaLuceLab\AppData\Local\NINA\Profiles\34340171-83bd-4865-9381-6b1dd342fa62.dock.config
2026-09-23T16:56:17.3452|WARNING|DeviceUpdateTimer.cs|Run|115|Dome value update cycle took longer than the device poll interval (Total: 9.25s > 2s; Poll: 00:00:00.0028761; Update: 00:00:09.2474603)
2026-09-23T16:58:36.8090|WARNING|DeviceUpdateTimer.cs|Run|115|Mount value update cycle took longer than the device poll interval (Total: 3.44s > 2s; Poll: 00:00:03.4378316; Update: 00:00:00.0001435)
2026-09-23T17:31:04.6474|INFO|CameraVM.cs|Capture|742|Starting Exposure - Exposure Time: 4s; Filter: LPRO; Gain: 910; Offset 99; Binning: 1x1;
2026-09-23T17:31:14.9686|WARNING|DeviceUpdateTimer.cs|Run|115|Dome value update cycle took longer than the device poll interval (Total: 5.79s > 2s; Poll: 00:00:00.0838984; Update: 00:00:05.7036364)
2026-09-23T19:17:38.2659|INFO|Sequence2VM.cs|StartSequence|543|Advanced Sequence starting
2026-09-23T19:17:38.2972|INFO|SequenceItem.cs|Run|208|Starting Category: * Set di Istruzioni *, Container: NINA.Sequencer.Container.SequenceRootContainer, Strategy: SequentialStrategy, Items[CREATED]: 3, Triggers: Trigger: MeridianFlipTriggerTrigger: RestoreGuidingTrigger: AutofocusAfterHFRIncreaseTrigger, Amount: 10Trigger: AutofocusAfterFilterChange
2026-09-23T19:17:38.3188|INFO|MeridianFlipTrigger.cs|ShouldTrigger|204|Meridian Flip - Telescope is not tracking. Skip flip evaluation
2026-09-23T19:17:38.3322|INFO|SequenceItem.cs|Run|208|Starting Category: * Set di Istruzioni *, Container: NINA.Sequencer.Container.StartAreaContainer, Strategy: SequentialStrategy, Items[CREATED]: 2
2026-09-23T19:17:38.3331|INFO|MeridianFlipTrigger.cs|ShouldTrigger|204|Meridian Flip - Telescope is not tracking. Skip flip evaluation
2026-09-23T19:17:38.3336|INFO|SequenceItem.cs|Run|208|Starting Category: Utilità, Item: Annotation, Text: VERSION: 1
2026-09-23T19:17:38.3341|INFO|SequenceItem.cs|Run|254|Finishing Category: Utilità, Item: Annotation, Text: VERSION: 1
2026-09-23T19:17:38.3369|INFO|MeridianFlipTrigger.cs|ShouldTrigger|204|Meridian Flip - Telescope is not tracking. Skip flip evaluation
2026-09-23T19:17:38.3373|INFO|SequenceItem.cs|Run|208|Starting Category: * Set di Istruzioni *, Container: NINA.Sequencer.Container.SequentialContainer, Strategy: SequentialStrategy, Items[CREATED]: 4
2026-09-23T19:17:38.3375|INFO|MeridianFlipTrigger.cs|ShouldTrigger|204|Meridian Flip - Telescope is not tracking. Skip flip evaluation
2026-09-23T19:17:38.3375|INFO|SequenceItem.cs|Run|208|Starting Category: Utilità, Item: Annotation, Text: VERSION: 1
2026-09-23T19:17:38.3376|INFO|SequenceItem.cs|Run|254|Finishing Category: Utilità, Item: Annotation, Text: VERSION: 1
2026-09-23T19:17:38.3378|INFO|MeridianFlipTrigger.cs|ShouldTrigger|204|Meridian Flip - Telescope is not tracking. Skip flip evaluation
2026-09-23T19:17:38.3379|INFO|SequenceItem.cs|Run|208|Starting Category: * Set di Istruzioni *, Container: NINA.Sequencer.Container.SequentialContainer, Strategy: SequentialStrategy, Items[CREATED]: 4
2026-09-23T19:17:38.3383|INFO|MeridianFlipTrigger.cs|ShouldTrigger|204|Meridian Flip - Telescope is not tracking. Skip flip evaluation
2026-09-23T19:17:38.3385|INFO|SequenceItem.cs|Run|208|Starting Category: Utilità, Item: Annotation, Text: This Startup Sequence ensures an ASCOM Safety Monitor will function in a sequence as expected.
2026-09-23T19:17:38.3385|INFO|SequenceItem.cs|Run|254|Finishing Category: Utilità, Item: Annotation, Text: This Startup Sequence ensures an ASCOM Safety Monitor will function in a sequence as expected.
2026-09-23T19:17:38.3386|INFO|MeridianFlipTrigger.cs|ShouldTrigger|204|Meridian Flip - Telescope is not tracking. Skip flip evaluation
2026-09-23T19:17:38.3386|INFO|SequenceItem.cs|Run|208|Starting Category: Utilità, Item: Annotation, Text: The CONNECTOR Plugin is used in this Sequence.
2026-09-23T19:17:38.3386|INFO|SequenceItem.cs|Run|254|Finishing Category: Utilità, Item: Annotation, Text: The CONNECTOR Plugin is used in this Sequence.
2026-09-23T19:17:38.3387|INFO|MeridianFlipTrigger.cs|ShouldTrigger|204|Meridian Flip - Telescope is not tracking. Skip flip evaluation
2026-09-23T19:17:38.3387|INFO|SequenceItem.cs|Run|208|Starting Category: Utilità, Item: Annotation, Text: A Switch is also used within this Startup Sequence.
2026-09-23T19:17:38.3388|INFO|SequenceItem.cs|Run|254|Finishing Category: Utilità, Item: Annotation, Text: A Switch is also used within this Startup Sequence.
2026-09-23T19:17:38.3388|INFO|MeridianFlipTrigger.cs|ShouldTrigger|204|Meridian Flip - Telescope is not tracking. Skip flip evaluation
2026-09-23T19:17:38.3388|INFO|SequenceItem.cs|Run|208|Starting Category: Utilità, Item: Annotation, Text: The sequence uses Nautical Dusk and Nautical Dawn along with a number of time offsets. Adjust this as desired.
2026-09-23T19:17:38.3389|INFO|SequenceItem.cs|Run|254|Finishing Category: Utilità, Item: Annotation, Text: The sequence uses Nautical Dusk and Nautical Dawn along with a number of time offsets. Adjust this as desired.
2026-09-23T19:17:38.3413|INFO|SequenceItem.cs|Run|254|Finishing Category: * Set di Istruzioni *, Container: NINA.Sequencer.Container.SequentialContainer, Strategy: SequentialStrategy, Items[FINISHED]: 4
2026-09-23T19:17:38.3416|INFO|MeridianFlipTrigger.cs|ShouldTrigger|204|Meridian Flip - Telescope is not tracking. Skip flip evaluation
2026-09-23T19:17:38.3417|INFO|SequenceItem.cs|Run|208|Starting Category: * Set di Istruzioni *, Container: NINA.Sequencer.Container.SequentialContainer, Strategy: SequentialStrategy, Items[CREATED]: 11
2026-09-23T19:17:38.3418|INFO|MeridianFlipTrigger.cs|ShouldTrigger|204|Meridian Flip - Telescope is not tracking. Skip flip evaluation
2026-09-23T19:17:38.3423|INFO|SequenceItem.cs|Run|208|Starting Category: Utilità, Item: WaitForTime, Time: 19:40:16h, Offset: -30
2026-09-23T19:18:07.3036|ERROR|DomeVM.cs|OpenShutter|408|Cannot open dome shutter due to unsafe conditions
2026-09-23T19:20:24.6019|INFO|Sequencer.cs|Start|85|Sequence run was cancelled
2026-09-23T19:20:24.6081|INFO|Sequence2VM.cs|StartSequence|548|Advanced Sequence finished
2026-09-23T19:20:39.8045|WARNING|DeviceUpdateTimer.cs|Run|115|Dome value update cycle took longer than the device poll interval (Total: 3.16s > 2s; Poll: 00:00:00.0053424; Update: 00:00:03.1546430)
2026-09-23T19:22:01.9659|ERROR|NotifyTaskCompletion.cs|WatchTaskAsync|35
System.Threading.Tasks.TaskCanceledException: A task was canceled.
   at NINA.Core.Utility.CoreUtil.Delay(TimeSpan span, CancellationToken token) in /_/NINA.Core/Utility/CoreUtil.cs:line 131
   at NINA.Core.Utility.CoreUtil.Delay(Int32 milliseconds, CancellationToken token) in /_/NINA.Core/Utility/CoreUtil.cs:line 126
   at NINA.Core.Utility.CoreUtil.Wait(TimeSpan t, Boolean progressCountDown, CancellationToken token, IProgress`1 progress, String status) in /_/NINA.Core/Utility/CoreUtil.cs:line 144
   at NINA.WPF.Base.ViewModel.Equipment.Camera.CameraVM.RegulateTemperature(Double temperature, TimeSpan duration, Boolean cooling, IProgress`1 progress, CancellationToken ct) in /_/NINA.WPF.Base/ViewModel/Equipment/Camera/CameraVM.cs:line 236
   at NINA.WPF.Base.ViewModel.Equipment.Camera.CameraVM.CoolCamera(Double temperature, TimeSpan duration, IProgress`1 progress, CancellationToken ct) in /_/NINA.WPF.Base/ViewModel/Equipment/Camera/CameraVM.cs:line 147
   at NINA.Core.Utility.NotifyTaskCompletion`1.WatchTaskAsync(Task task) in /_/NINA.Core/Utility/NotifyTaskCompletion.cs:line 33
2026-09-23T19:22:02.8019|INFO|CameraVM.cs|WarmCamera|161|Warming Camera. Duration: 00:05:00
2026-09-23T19:22:05.4469|ERROR|NotifyTaskCompletion.cs|WatchTaskAsync|35
System.Threading.Tasks.TaskCanceledException: A task was canceled.
   at NINA.Core.Utility.CoreUtil.Delay(TimeSpan span, CancellationToken token) in /_/NINA.Core/Utility/CoreUtil.cs:line 131
   at NINA.Core.Utility.CoreUtil.Delay(Int32 milliseconds, CancellationToken token) in /_/NINA.Core/Utility/CoreUtil.cs:line 126
   at NINA.Core.Utility.CoreUtil.Wait(TimeSpan t, Boolean progressCountDown, CancellationToken token, IProgress`1 progress, String status) in /_/NINA.Core/Utility/CoreUtil.cs:line 144
   at NINA.WPF.Base.ViewModel.Equipment.Camera.CameraVM.RegulateTemperature(Double temperature, TimeSpan duration, Boolean cooling, IProgress`1 progress, CancellationToken ct) in /_/NINA.WPF.Base/ViewModel/Equipment/Camera/CameraVM.cs:line 220
   at NINA.WPF.Base.ViewModel.Equipment.Camera.CameraVM.WarmCamera(TimeSpan duration, IProgress`1 progress, CancellationToken ct) in /_/NINA.WPF.Base/ViewModel/Equipment/Camera/CameraVM.cs:line 173
   at NINA.Core.Utility.NotifyTaskCompletion`1.WatchTaskAsync(Task task) in /_/NINA.Core/Utility/NotifyTaskCompletion.cs:line 33
2026-09-23T19:22:13.0542|INFO|CameraVM.cs|WarmCamera|161|Warming Camera. Duration: 00:30:00
2026-09-23T19:22:23.0872|INFO|AscomDevice.cs|Disconnect|378|Disconnecting from ASCOM.WandererCover2.CoverCalibrator WandererEmpire Cover 2
2026-09-23T19:22:23.1437|INFO|FlatDeviceVM.cs|Disconnect|289|Disconnected Flat Device
2026-09-23T19:22:30.0594|INFO|AscomDevice.cs|Disconnect|378|Disconnecting from ASCOM.Optec ASCOM.Telescope CPWI_ASCOM_Telescope
2026-09-23T19:22:30.1769|INFO|TelescopeVM.cs|Disconnect|740|Disconnected mount
2026-09-23T19:22:33.9016|INFO|AscomDevice.cs|Disconnect|378|Disconnecting from ASCOM.ArcoEsatto.Focuser PLL Focuser v3.7
2026-09-23T19:22:33.9142|INFO|FocuserVM.cs|Disconnect|441|Disconnected Focuser
2026-09-23T19:22:36.9704|INFO|AscomDevice.cs|Disconnect|378|Disconnecting from ASCOM.ToupTek.FilterWheel ASCOM.ToupTek.FilterWheel
2026-09-23T19:22:37.0058|INFO|FilterWheelVM.cs|Disconnect|333|Disconnected Filter Wheel
2026-09-23T19:23:00.7573|INFO|ApplicationDeviceConnectionVM.cs|UsbDeviceWatcher_DeviceRemoved|237|USB Device disconnected DeviceId: USB\VID_15A2&PID_A50F\_CGX_V1, PnpDeviceId: USB\VID_15A2&PID_A50F\_CGX_V1, Description: Dispositivo seriale USB, Name: USB Serial Device (COM15), Manufacturer: Microsoft, Service: usbser, Status: OK
2026-09-23T19:36:47.7729|WARNING|DeviceUpdateTimer.cs|Run|115|Dome value update cycle took longer than the device poll interval (Total: 3.12s > 2s; Poll: 00:00:00.0027099; Update: 00:00:03.1139625)
2026-09-23T19:51:14.6756|INFO|SafetyMonitorVM.cs|UpdateMonitorValues|95|SafetyMonitorInfo state changed to Safe
2026-09-23T19:52:41.4144|INFO|CameraVM.cs|WarmCamera|186|Turning cooler off
2026-09-23T21:13:29.8496|WARNING|DeviceUpdateTimer.cs|Run|115|Dome value update cycle took longer than the device poll interval (Total: 3.15s > 2s; Poll: 00:00:00.0030501; Update: 00:00:03.1422971)
2026-09-23T21:27:22.6817|INFO|CameraVM.cs|Disconnect|650|Disconnected Camera
2026-09-23T21:27:33.4939|INFO|ApplicationDeviceConnectionVM.cs|UsbDeviceWatcher_DeviceRemoved|237|USB Device disconnected DeviceId: USB\VID_0424&PID_2807\5&144E4AB&0&4, PnpDeviceId: USB\VID_0424&PID_2807\5&144E4AB&0&4, Description: Hub USB generico, Name: Hub USB generico, Manufacturer: (HUB USB standard), Service: USBHUB3, Status: OK
2026-09-23T21:27:33.4940|INFO|ApplicationDeviceConnectionVM.cs|UsbDeviceWatcher_DeviceRemoved|237|USB Device disconnected DeviceId: USB\VID_0547&PID_1433\6&1727222E&0&3, PnpDeviceId: USB\VID_0547&PID_1433\6&1727222E&0&3, Description: Dispositivo WinUSB, Name: USB3.0 Camera, Manufacturer: Dispositivo WinUSB, Service: WINUSB, Status: OK
2026-09-23T21:27:33.4940|INFO|ApplicationDeviceConnectionVM.cs|UsbDeviceWatcher_DeviceRemoved|237|USB Device disconnected DeviceId: USB\VID_0403&PID_6015\PA47RVMY, PnpDeviceId: USB\VID_0403&PID_6015\PA47RVMY, Description: USB Serial Converter, Name: USB Serial Converter, Manufacturer: FTDI, Service: FTDIBUS, Status: OK
2026-09-23T21:27:33.4940|INFO|ApplicationDeviceConnectionVM.cs|UsbDeviceWatcher_DeviceRemoved|237|USB Device disconnected DeviceId: USB\VID_0403&PID_6015\PPBA671NR5, PnpDeviceId: USB\VID_0403&PID_6015\PPBA671NR5, Description: USB Serial Converter, Name: USB Serial Converter, Manufacturer: FTDI, Service: FTDIBUS, Status: OK
2026-09-23T21:27:33.4941|INFO|ApplicationDeviceConnectionVM.cs|UsbDeviceWatcher_DeviceRemoved|237|USB Device disconnected DeviceId: USB\VID_0403&PID_6015\UCH4OV5CO, PnpDeviceId: USB\VID_0403&PID_6015\UCH4OV5CO, Description: USB Serial Converter, Name: USB Serial Converter, Manufacturer: FTDI, Service: FTDIBUS, Status: OK
2026-09-23T21:27:33.4941|INFO|ApplicationDeviceConnectionVM.cs|UsbDeviceWatcher_DeviceRemoved|237|USB Device disconnected DeviceId: USB\VID_1A40&PID_0201\6&2CA8C582&0&2, PnpDeviceId: USB\VID_1A40&PID_0201\6&2CA8C582&0&2, Description: Hub USB generico, Name: Hub USB generico, Manufacturer: (HUB USB standard), Service: USBHUB3, Status: OK
2026-09-23T21:27:33.4941|INFO|ApplicationDeviceConnectionVM.cs|UsbDeviceWatcher_DeviceRemoved|237|USB Device disconnected DeviceId: USB\VID_1A86&PID_7523\6&2CA8C582&0&4, PnpDeviceId: USB\VID_1A86&PID_7523\6&2CA8C582&0&4, Description: USB-SERIAL CH340, Name: USB-SERIAL CH340 (COM34), Manufacturer: wch.cn, Service: CH341SER_A64, Status: OK
2026-09-23T21:27:33.4941|INFO|ApplicationDeviceConnectionVM.cs|UsbDeviceWatcher_DeviceRemoved|237|USB Device disconnected DeviceId: USB\VID_0403&PID_6010\7&7EA6B39&0&3, PnpDeviceId: USB\VID_0403&PID_6010\7&7EA6B39&0&3, Description: Dispositivo USB composito, Name: Dispositivo USB composito, Manufacturer: (Controller host USB standard), Service: usbccgp, Status: OK
2026-09-23T21:27:33.4942|INFO|ApplicationDeviceConnectionVM.cs|UsbDeviceWatcher_DeviceRemoved|237|USB Device disconnected DeviceId: USB\VID_0403&PID_6010&MI_01\8&367DB49&0&0001, PnpDeviceId: USB\VID_0403&PID_6010&MI_01\8&367DB49&0&0001, Description: USB Serial Converter B, Name: USB Serial Converter B, Manufacturer: FTDI, Service: FTDIBUS, Status: OK
2026-09-23T21:27:33.4942|INFO|ApplicationDeviceConnectionVM.cs|UsbDeviceWatcher_DeviceRemoved|237|USB Device disconnected DeviceId: USB\VID_1618&PID_0921\7&7EA6B39&0&1, PnpDeviceId: USB\VID_1618&PID_0921\7&7EA6B39&0&1, Description: QHY5II, Name: QHY5II, Manufacturer: QHY CCD, Service: QHY5II_IO, Status: OK
2026-09-23T21:27:33.4942|INFO|ApplicationDeviceConnectionVM.cs|UsbDeviceWatcher_DeviceRemoved|237|USB Device disconnected DeviceId: USB\VID_0403&PID_6010&MI_00\8&367DB49&0&0000, PnpDeviceId: USB\VID_0403&PID_6010&MI_00\8&367DB49&0&0000, Description: USB Serial Converter A, Name: USB Serial Converter A, Manufacturer: FTDI, Service: FTDIBUS, Status: OK
2026-09-23T21:27:33.4942|INFO|ApplicationDeviceConnectionVM.cs|UsbDeviceWatcher_DeviceRemoved|237|USB Device disconnected DeviceId: USB\VID_1618&PID_6953\7&7EA6B39&0&4, PnpDeviceId: USB\VID_1618&PID_6953\7&7EA6B39&0&4, Description: QHY695A, Name: QHY695A, Manufacturer: QHY CCD, Service: QHY695A_IO, Status: OK
2026-09-23T21:27:35.1512|INFO|ApplicationDeviceConnectionVM.cs|UsbDeviceWatcher_DeviceRemoved|237|USB Device disconnected DeviceId: USB\VID_2109&PID_0813\5&144E4AB&0&12, PnpDeviceId: USB\VID_2109&PID_0813\5&144E4AB&0&12, Description: Hub USB SuperSpeed generico, Name: Hub USB SuperSpeed generico, Manufacturer: (HUB USB standard), Service: USBHUB3, Status: OK
2026-09-23T21:27:35.1513|INFO|ApplicationDeviceConnectionVM.cs|UsbDeviceWatcher_DeviceRemoved|237|USB Device disconnected DeviceId: USB\VID_1A40&PID_0101\6&2EF655E5&0&3, PnpDeviceId: USB\VID_1A40&PID_0101\6&2EF655E5&0&3, Description: Hub USB generico, Name: Hub USB generico, Manufacturer: (HUB USB standard), Service: USBHUB3, Status: OK
2026-09-23T21:27:35.1513|INFO|ApplicationDeviceConnectionVM.cs|UsbDeviceWatcher_DeviceRemoved|237|USB Device disconnected DeviceId: USB\VID_2109&PID_2813\5&144E4AB&0&3, PnpDeviceId: USB\VID_2109&PID_2813\5&144E4AB&0&3, Description: Hub USB generico, Name: Hub USB generico, Manufacturer: (HUB USB standard), Service: USBHUB3, Status: Unknown
2026-09-23T21:27:35.1513|INFO|ApplicationDeviceConnectionVM.cs|UsbDeviceWatcher_DeviceRemoved|237|USB Device disconnected DeviceId: USB\VID_0547&PID_BF10\7&7EF1AA&0&3, PnpDeviceId: USB\VID_0547&PID_BF10\7&7EF1AA&0&3, Description: Dispositivo WinUSB, Name: FILTERWHEEL  , Manufacturer: Dispositivo WinUSB, Service: WINUSB, Status: Unknown
2026-09-23T21:27:35.1514|INFO|ApplicationDeviceConnectionVM.cs|UsbDeviceWatcher_DeviceRemoved|237|USB Device disconnected DeviceId: USB\VID_0424&PID_2412\6&2EF655E5&0&2, PnpDeviceId: USB\VID_0424&PID_2412\6&2EF655E5&0&2, Description: Hub USB generico, Name: Hub USB generico, Manufacturer: (HUB USB standard), Service: USBHUB3, Status: Unknown
2026-09-23T21:27:35.1514|INFO|ApplicationDeviceConnectionVM.cs|UsbDeviceWatcher_DeviceRemoved|237|USB Device disconnected DeviceId: USB\VID_1A86&PID_7523\7&38C2A16F&0&2, PnpDeviceId: USB\VID_1A86&PID_7523\7&38C2A16F&0&2, Description: USB-SERIAL CH340, Name: USB-SERIAL CH340 (COM44), Manufacturer: wch.cn, Service: CH341SER_A64, Status: Unknown
2026-09-23T21:27:35.1514|INFO|ApplicationDeviceConnectionVM.cs|UsbDeviceWatcher_DeviceRemoved|237|USB Device disconnected DeviceId: USB\VID_03C3&PID_120C\6&2EF655E5&0&4, PnpDeviceId: USB\VID_03C3&PID_120C\6&2EF655E5&0&4, Description: ZWO ASI120MM Mini Camera, Name: ZWO ASI120MM Mini Camera, Manufacturer: ZWO, Service: ASICAMUSB3, Status: Unknown
2026-09-23T21:27:35.1515|INFO|ApplicationDeviceConnectionVM.cs|UsbDeviceWatcher_DeviceRemoved|237|USB Device disconnected DeviceId: USB\VID_10C4&PID_EA60\28EAB5B658A6E9118D4DD6A44458CD37, PnpDeviceId: USB\VID_10C4&PID_EA60\28EAB5B658A6E9118D4DD6A44458CD37, Description: Silicon Labs CP210x USB to UART Bridge, Name: Silicon Labs CP210x USB to UART Bridge (COM16), Manufacturer: Silicon Labs, Service: silabser, Status: Unknown
2026-09-23T21:27:35.1515|INFO|ApplicationDeviceConnectionVM.cs|UsbDeviceWatcher_DeviceRemoved|237|USB Device disconnected DeviceId: USB\VID_0424&PID_5807\5&144E4AB&0&13, PnpDeviceId: USB\VID_0424&PID_5807\5&144E4AB&0&13, Description: Hub USB SuperSpeed generico, Name: Hub USB SuperSpeed generico, Manufacturer: (HUB USB standard), Service: USBHUB3, Status: Unknown
2026-09-23T22:49:59.8326|WARNING|DeviceUpdateTimer.cs|Run|115|Dome value update cycle took longer than the device poll interval (Total: 3.12s > 2s; Poll: 00:00:00.0026638; Update: 00:00:03.1175387)
2026-09-24T00:22:39.8290|WARNING|DeviceUpdateTimer.cs|Run|115|Dome value update cycle took longer than the device poll interval (Total: 3.12s > 2s; Poll: 00:00:00.0076239; Update: 00:00:03.1089073)
2026-09-24T01:08:35.8839|WARNING|DeviceUpdateTimer.cs|Run|115|Dome value update cycle took longer than the device poll interval (Total: 3.17s > 2s; Poll: 00:00:00.0026245; Update: 00:00:03.1657846)
2026-09-24T02:08:01.8249|WARNING|DeviceUpdateTimer.cs|Run|115|Dome value update cycle took longer than the device poll interval (Total: 3.11s > 2s; Poll: 00:00:00.0025909; Update: 00:00:03.1080342)
2026-09-24T02:56:45.8198|WARNING|DeviceUpdateTimer.cs|Run|115|Dome value update cycle took longer than the device poll interval (Total: 3.10s > 2s; Poll: 00:00:00.0026313; Update: 00:00:03.1006340)
2026-09-24T04:53:07.4821|WARNING|DeviceUpdateTimer.cs|Run|115|Dome value update cycle took longer than the device poll interval (Total: 2.58s > 2s; Poll: 00:00:00.0026942; Update: 00:00:02.5731258)
2026-09-24T05:05:30.0220|WARNING|DeviceUpdateTimer.cs|Run|115|Dome value update cycle took longer than the device poll interval (Total: 3.10s > 2s; Poll: 00:00:00.0026862; Update: 00:00:03.1019473)
2026-09-24T06:26:44.9545|INFO|SafetyMonitorVM.cs|UpdateMonitorValues|95|SafetyMonitorInfo state changed to Unsafe
