----------------------------------------------------------------------
--------------N.I.N.A. - Nighttime Imaging 'N' Astronomy--------------
--------------------------Version 3.2.0.9001--------------------------
-------------------------2026-08-20T21:01:56--------------------------
----------------------------------------------------------------------
---------------------Microsoft Windows 10.0.17763---------------------
-------------------------OS Architecture X64--------------------------
-----------------------Process Architecture X64-----------------------
-----------------------------.NET 8.0.21------------------------------
----------------------------------------------------------------------
--------------------------Processor Count 2---------------------------
--------------------Total Physical Memory 11.68 GB--------------------
----------------------------------------------------------------------
DATE|LEVEL|SOURCE|MEMBER|LINE|MESSAGE
2026-08-20T21:01:56.5362|INFO|CameraChooserVM.cs|GetEquipment|69|Found 0 ASI Cameras
2026-08-20T21:01:57.1585|INFO|CameraChooserVM.cs|GetEquipment|84|Found 0 Altair Cameras
2026-08-20T21:01:57.4101|INFO|CameraChooserVM.cs|GetEquipment|96|Found 0 Atik Cameras
2026-08-20T21:01:57.4867|INFO|CameraChooserVM.cs|GetEquipment|110|Found 0 FLI Cameras
2026-08-20T21:01:58.7712|INFO|CameraChooserVM.cs|GetEquipment|130|Found 0 QHYCCD Cameras
2026-08-20T21:02:00.6464|INFO|CameraChooserVM.cs|GetEquipment|158|Found 0 ToupTek Cameras
2026-08-20T21:02:00.9099|INFO|CameraChooserVM.cs|GetEquipment|173|Found 0 Ogma Cameras
2026-08-20T21:02:01.2341|INFO|CameraChooserVM.cs|GetEquipment|188|Found 0 Omegon Cameras
2026-08-20T21:02:01.6976|INFO|CameraChooserVM.cs|GetEquipment|203|Found 0 RisingCam Cameras
2026-08-20T21:02:02.0156|INFO|CameraChooserVM.cs|GetEquipment|218|Found 0 MallinCam Cameras
2026-08-20T21:02:02.2014|INFO|CameraChooserVM.cs|GetEquipment|243|Found 0 SVBony Cameras
2026-08-20T21:02:02.2050|INFO|CameraChooserVM.cs|GetEquipment|259|Found 0 SBIG Cameras
2026-08-20T21:02:03.5017|INFO|PluginLoader.cs|LoadPlugin|402|Successfully loaded plugin Connector version 2.1.0.2 by Stefan Berg @isbeorn
2026-08-20T21:02:03.8667|INFO|PluginLoader.cs|LoadPlugin|402|Successfully loaded plugin Digital StarGate Observatory Telemetry Exporter version 0.2.0.0 by Digital StarGate
2026-08-20T21:02:13.6498|INFO|PluginLoader.cs|LoadPlugin|402|Successfully loaded plugin Hocus Focus version 3.0.0.25 by George Hilios (jokogeo)
2026-08-20T21:02:15.1259|INFO|PluginLoader.cs|LoadPlugin|402|Successfully loaded plugin Remote Copy version 3.0.1.0 by Tom Palmer @tcpalmer
2026-08-20T21:02:50.4901|INFO|PluginLoader.cs|LoadPlugin|402|Successfully loaded plugin RTSP Client version 3.1.0.6 by Stefan Berg @isbeorn
2026-08-20T21:02:50.8570|INFO|PluginLoader.cs|LoadPlugin|402|Successfully loaded plugin Three Point Polar Alignment version 2.2.4.3 by Stefan Berg @isbeorn
2026-08-20T21:02:51.1378|INFO|PluginLoader.cs|LoadPlugin|402|Successfully loaded plugin WandererAstro Tools version 3.0.0.0 by WandererAstro
2026-08-20T21:02:54.3972|INFO|PluginFetcher.cs|RequestAll|43|Fetching plugin manifests from https://nighttime-imaging.eu/wp-json/nina/v1/plugins/manifests
2026-08-20T21:02:56.1849|INFO|CameraChooserVM.cs|GetEquipment|279|Found 0 SVBony Cameras
2026-08-20T21:02:56.2898|INFO|CameraChooserVM.cs|GetEquipment|279|Found 0 PlayerOne Cameras
2026-08-20T21:02:56.3430|INFO|CameraChooserVM.cs|GetEquipment|279|Found 0 ASTPAN Cameras
2026-08-20T21:02:56.3457|INFO|CameraChooserVM.cs|GetEquipment|293|Found 13 ASCOM Cameras
2026-08-20T21:02:56.4191|INFO|ApplicationVM.cs|CheckASCOMPlatformVersion|81|ASCOM Platform 7.1.3.4851 installed
2026-08-20T21:02:56.9674|INFO|ApplicationVM.cs|CheckDiskInfo|100|Available Space on Drive C:\: 13.55 GB
2026-08-20T21:02:56.9676|INFO|ApplicationVM.cs|CheckDiskInfo|100|Available Space on Drive D:\: 332.43 GB
2026-08-20T21:02:57.1284|INFO|WeatherDataChooserVM.cs|GetEquipment|69|Found 0 Alpaca Observing Conditions
2026-08-20T21:02:57.2559|INFO|SwitchChooserVM.cs|GetEquipment|71|Found 0 Alpaca Switch Hubs
2026-08-20T21:02:58.0286|INFO|DomeChooserVM.cs|GetEquipment|67|Found 0 Alpaca Domes
2026-08-20T21:02:58.0299|INFO|FocuserChooserVM.cs|GetEquipment|84|Found 0 Alpaca Focusers
2026-08-20T21:02:58.2725|INFO|RotatorChooserVM.cs|GetEquipment|68|Found 0 Alpaca Rotators
2026-08-20T21:02:58.2760|INFO|SafetyMonitorChooserVM.cs|GetEquipment|71|Found 0 Alpaca Safety Monitors
2026-08-20T21:02:58.2821|INFO|FlatDeviceChooserVM.cs|GetEquipment|67|Found 0 Alpaca Cover Calibrators
2026-08-20T21:02:58.2919|INFO|FilterWheelChooserVM.cs|GetEquipment|193|Found 0 Alpaca Filter Wheels
2026-08-20T21:02:58.4071|INFO|CameraChooserVM.cs|GetEquipment|305|Found 0 Alpaca Cameras
2026-08-20T21:02:58.4119|INFO|CameraChooserVM.cs|GetEquipment|318|Found 0 Canon Cameras
2026-08-20T21:02:58.4664|INFO|TelescopeChooserVM.cs|GetEquipment|69|Found 0 Alpaca Telescopes
2026-08-20T21:03:00.3236|INFO|PluginFetcher.cs|RequestAll|57|Found 92 valid plugins at https://nighttime-imaging.eu/wp-json/nina/v1/plugins/manifests
2026-08-20T21:03:04.8698|INFO|DockManagerVM.cs|InitializeAvalonDockLayout|366|Initializing imaging tab layout from C:\Users\PrimaLuceLab\AppData\Local\NINA\Profiles\21c45d14-58c2-4ca1-9053-4e23fb6d7dc4.dock.config
2026-08-20T21:30:47.2382|INFO|WeatherDataVM.cs|Disconnect|305|Disconnected Weather Device
2026-08-20T21:30:50.4700|INFO|AscomDevice.cs|GetProperty|527|Property ObservingConditions.SkyBrightness GET is not implemented in this driver (CloudWatcher ObsCond)
2026-08-20T21:30:50.4784|INFO|AscomDevice.cs|GetProperty|527|Property ObservingConditions.SkyQuality GET is not implemented in this driver (CloudWatcher ObsCond)
2026-08-20T21:30:50.4909|INFO|AscomDevice.cs|GetProperty|527|Property ObservingConditions.StarFWHM GET is not implemented in this driver (CloudWatcher ObsCond)
2026-08-20T21:30:50.5046|INFO|AscomDevice.cs|GetProperty|527|Property ObservingConditions.WindDirection GET is not implemented in this driver (CloudWatcher ObsCond)
2026-08-20T21:30:50.5227|INFO|WeatherDataVM.cs|ChooseWeatherData|150|Successfully connected Weather Device. Id: ASCOM.CloudWatcher.ObservingConditions Name: CloudWatcher ObsCond DisplayName: CloudWatcher ObsCond (ASCOM) Driver Version: 1.1
2026-08-20T21:30:55.6728|INFO|DomeVM.cs|Disconnect|355|Disconnected Dome Device
2026-08-20T21:30:57.1823|INFO|AscomDevice.cs|GetProperty|527|Property Dome.AtPark GET is not implemented in this driver (Shelter Dome)
2026-08-20T21:30:57.1895|INFO|AscomDevice.cs|GetProperty|527|Property Dome.AtHome GET is not implemented in this driver (Shelter Dome)
2026-08-20T21:30:57.2040|INFO|AscomDevice.cs|GetProperty|527|Property Dome.Azimuth GET is not implemented in this driver (Shelter Dome)
2026-08-20T21:30:57.2660|INFO|DomeVM.cs|ChooseDome|198|Successfully connected Dome. Id: ASCOM.TS_Shelter.Dome Name: Shelter Dome DisplayName: Shelter Dome (ASCOM) Driver Version: 6.6
2026-08-20T21:30:59.2891|INFO|AscomDevice.cs|GetProperty|527|Property Dome.Altitude GET is not implemented in this driver (Shelter Dome)
2026-08-20T21:31:00.3840|INFO|SafetyMonitorVM.cs|Disconnect|221|Disconnected Safety Monitor
2026-08-20T21:31:03.9194|INFO|SafetyMonitorVM.cs|Connect|175|Successfully connected Safety Monitor. Id: ASCOM.Hub.SafetyMonitor Name: Short driver name - please customise DisplayName: Short driver name - please customise (ASCOM) Driver Version: 6.4
2026-08-21T02:32:40.3124|INFO|ApplicationDeviceConnectionVM.cs|UsbDeviceWatcher_DeviceRemoved|237|USB Device disconnected DeviceId: USB\VID_0403&PID_6015\2&35218A15&0&2, PnpDeviceId: USB\VID_0403&PID_6015\2&35218A15&0&2, Description: USB Serial Converter, Name: USB Serial Converter, Manufacturer: FTDI, Service: FTDIBUS, Status: OK
2026-08-21T02:33:08.4502|INFO|ApplicationDeviceConnectionVM.cs|UsbDeviceWatcher_DeviceInserted|232|New USB device detected DeviceId: USB\VID_0403&PID_6015\2&35218A15&0&2, PnpDeviceId: USB\VID_0403&PID_6015\2&35218A15&0&2, Description: USB Serial Converter, Name: USB Serial Converter, Manufacturer: FTDI, Service: FTDIBUS, Status: OK
2026-08-21T11:51:39.4640|INFO|AscomDevice.cs|Disconnect|378|Disconnecting from ASCOM.Hub.SafetyMonitor Short driver name - please customise
2026-08-21T11:51:40.0934|INFO|SafetyMonitorVM.cs|Disconnect|221|Disconnected Safety Monitor
2026-08-21T11:51:45.6594|INFO|SafetyMonitorVM.cs|Disconnect|221|Disconnected Safety Monitor
2026-08-21T11:51:47.4428|INFO|SafetyMonitorVM.cs|Connect|175|Successfully connected Safety Monitor. Id: ASCOM.Hub.SafetyMonitor Name: Short driver name - please customise DisplayName: Short driver name - please customise (ASCOM) Driver Version: 6.4
2026-08-21T20:49:15.4474|INFO|SafetyMonitorVM.cs|UpdateMonitorValues|95|SafetyMonitorInfo state changed to Safe
2026-08-22T01:52:37.4481|INFO|SafetyMonitorVM.cs|UpdateMonitorValues|95|SafetyMonitorInfo state changed to Unsafe
2026-08-22T02:04:37.4454|INFO|SafetyMonitorVM.cs|UpdateMonitorValues|95|SafetyMonitorInfo state changed to Safe
2026-08-22T02:14:53.4446|INFO|SafetyMonitorVM.cs|UpdateMonitorValues|95|SafetyMonitorInfo state changed to Unsafe
2026-08-22T02:42:23.4494|INFO|SafetyMonitorVM.cs|UpdateMonitorValues|95|SafetyMonitorInfo state changed to Safe
2026-08-22T05:42:43.4435|INFO|SafetyMonitorVM.cs|UpdateMonitorValues|95|SafetyMonitorInfo state changed to Unsafe
2026-08-22T05:49:43.4472|INFO|SafetyMonitorVM.cs|UpdateMonitorValues|95|SafetyMonitorInfo state changed to Safe
2026-08-22T05:50:13.4455|INFO|SafetyMonitorVM.cs|UpdateMonitorValues|95|SafetyMonitorInfo state changed to Unsafe
2026-08-22T20:47:07.4440|INFO|SafetyMonitorVM.cs|UpdateMonitorValues|95|SafetyMonitorInfo state changed to Safe
2026-08-23T05:50:49.4485|INFO|SafetyMonitorVM.cs|UpdateMonitorValues|95|SafetyMonitorInfo state changed to Unsafe
2026-08-23T20:45:12.6232|INFO|SafetyMonitorVM.cs|UpdateMonitorValues|95|SafetyMonitorInfo state changed to Safe
2026-08-24T05:52:12.6248|INFO|SafetyMonitorVM.cs|UpdateMonitorValues|95|SafetyMonitorInfo state changed to Unsafe
2026-08-24T20:41:34.6272|INFO|SafetyMonitorVM.cs|UpdateMonitorValues|95|SafetyMonitorInfo state changed to Safe
2026-08-24T20:51:50.6277|INFO|SafetyMonitorVM.cs|UpdateMonitorValues|95|SafetyMonitorInfo state changed to Unsafe
2026-08-24T21:10:50.6271|INFO|SafetyMonitorVM.cs|UpdateMonitorValues|95|SafetyMonitorInfo state changed to Safe
2026-08-24T21:30:36.6261|INFO|SafetyMonitorVM.cs|UpdateMonitorValues|95|SafetyMonitorInfo state changed to Unsafe
2026-08-24T22:49:08.6262|INFO|SafetyMonitorVM.cs|UpdateMonitorValues|95|SafetyMonitorInfo state changed to Safe
2026-08-25T00:30:26.6238|INFO|SafetyMonitorVM.cs|UpdateMonitorValues|95|SafetyMonitorInfo state changed to Unsafe
2026-08-25T00:48:40.6280|INFO|SafetyMonitorVM.cs|UpdateMonitorValues|95|SafetyMonitorInfo state changed to Safe
2026-08-25T01:03:26.6272|INFO|SafetyMonitorVM.cs|UpdateMonitorValues|95|SafetyMonitorInfo state changed to Unsafe
2026-08-25T01:39:42.6244|INFO|SafetyMonitorVM.cs|UpdateMonitorValues|95|SafetyMonitorInfo state changed to Safe
2026-08-25T01:44:26.6231|INFO|SafetyMonitorVM.cs|UpdateMonitorValues|95|SafetyMonitorInfo state changed to Unsafe
2026-08-25T01:59:42.6242|INFO|SafetyMonitorVM.cs|UpdateMonitorValues|95|SafetyMonitorInfo state changed to Safe
2026-08-25T02:20:28.6232|INFO|SafetyMonitorVM.cs|UpdateMonitorValues|95|SafetyMonitorInfo state changed to Unsafe
2026-08-25T09:14:17.8762|INFO|ApplicationDeviceConnectionVM.cs|UsbDeviceWatcher_DeviceRemoved|237|USB Device disconnected DeviceId: USB\VID_0403&PID_6015\2&35218A15&0&2, PnpDeviceId: USB\VID_0403&PID_6015\2&35218A15&0&2, Description: USB Serial Converter, Name: USB Serial Converter, Manufacturer: FTDI, Service: FTDIBUS, Status: OK
2026-08-25T09:14:45.9409|INFO|ApplicationDeviceConnectionVM.cs|UsbDeviceWatcher_DeviceInserted|232|New USB device detected DeviceId: USB\VID_0403&PID_6015\2&35218A15&0&2, PnpDeviceId: USB\VID_0403&PID_6015\2&35218A15&0&2, Description: USB Serial Converter, Name: USB Serial Converter, Manufacturer: FTDI, Service: FTDIBUS, Status: OK
2026-08-25T11:24:06.0194|INFO|ApplicationDeviceConnectionVM.cs|UsbDeviceWatcher_DeviceRemoved|237|USB Device disconnected DeviceId: USB\VID_0403&PID_6015\2&35218A15&0&2, PnpDeviceId: USB\VID_0403&PID_6015\2&35218A15&0&2, Description: USB Serial Converter, Name: USB Serial Converter, Manufacturer: FTDI, Service: FTDIBUS, Status: OK
2026-08-25T11:24:24.6912|INFO|ApplicationDeviceConnectionVM.cs|UsbDeviceWatcher_DeviceInserted|232|New USB device detected DeviceId: USB\VID_0403&PID_6015\2&35218A15&0&2, PnpDeviceId: USB\VID_0403&PID_6015\2&35218A15&0&2, Description: USB Serial Converter, Name: USB Serial Converter, Manufacturer: FTDI, Service: FTDIBUS, Status: OK
2026-08-25T20:41:27.7843|INFO|SafetyMonitorVM.cs|UpdateMonitorValues|95|SafetyMonitorInfo state changed to Safe
2026-08-26T05:54:41.7846|INFO|SafetyMonitorVM.cs|UpdateMonitorValues|95|SafetyMonitorInfo state changed to Unsafe
2026-08-26T18:24:31.7466|INFO|ApplicationDeviceConnectionVM.cs|UsbDeviceWatcher_DeviceInserted|232|New USB device detected DeviceId: USB\VID_2109&PID_0813\5&144E4AB&0&12, PnpDeviceId: USB\VID_2109&PID_0813\5&144E4AB&0&12, Description: Hub USB SuperSpeed generico, Name: Hub USB SuperSpeed generico, Manufacturer: (HUB USB standard), Service: USBHUB3, Status: OK
2026-08-26T18:24:31.7468|INFO|ApplicationDeviceConnectionVM.cs|UsbDeviceWatcher_DeviceInserted|232|New USB device detected DeviceId: USB\VID_0424&PID_2807\5&144E4AB&0&4, PnpDeviceId: USB\VID_0424&PID_2807\5&144E4AB&0&4, Description: Hub USB generico, Name: Hub USB generico, Manufacturer: (HUB USB standard), Service: USBHUB3, Status: OK
2026-08-26T18:24:32.2003|INFO|ApplicationDeviceConnectionVM.cs|UsbDeviceWatcher_DeviceInserted|232|New USB device detected DeviceId: USB\VID_0424&PID_5807\5&144E4AB&0&13, PnpDeviceId: USB\VID_0424&PID_5807\5&144E4AB&0&13, Description: Hub USB SuperSpeed generico, Name: Hub USB SuperSpeed generico, Manufacturer: (HUB USB standard), Service: USBHUB3, Status: OK
2026-08-26T18:24:32.5447|INFO|ApplicationDeviceConnectionVM.cs|UsbDeviceWatcher_DeviceInserted|232|New USB device detected DeviceId: USB\VID_2109&PID_2813\5&144E4AB&0&3, PnpDeviceId: USB\VID_2109&PID_2813\5&144E4AB&0&3, Description: Hub USB generico, Name: Hub USB generico, Manufacturer: (HUB USB standard), Service: USBHUB3, Status: OK
2026-08-26T18:24:32.5448|INFO|ApplicationDeviceConnectionVM.cs|UsbDeviceWatcher_DeviceInserted|232|New USB device detected DeviceId: USB\VID_0403&PID_6015\UCH4OV5CO, PnpDeviceId: USB\VID_0403&PID_6015\UCH4OV5CO, Description: USB Serial Converter, Name: USB Serial Converter, Manufacturer: FTDI, Service: FTDIBUS, Status: OK
2026-08-26T18:24:33.3614|INFO|ApplicationDeviceConnectionVM.cs|UsbDeviceWatcher_DeviceInserted|232|New USB device detected DeviceId: USB\VID_0403&PID_6015\PPBA671NR5, PnpDeviceId: USB\VID_0403&PID_6015\PPBA671NR5, Description: USB Serial Converter, Name: USB Serial Converter, Manufacturer: FTDI, Service: FTDIBUS, Status: OK
2026-08-26T18:24:33.3615|INFO|ApplicationDeviceConnectionVM.cs|UsbDeviceWatcher_DeviceInserted|232|New USB device detected DeviceId: USB\VID_03C3&PID_120C\6&2EF655E5&0&4, PnpDeviceId: USB\VID_03C3&PID_120C\6&2EF655E5&0&4, Description: ZWO ASI120MM Mini Camera, Name: ZWO ASI120MM Mini Camera, Manufacturer: ZWO, Service: ASICAMUSB3, Status: OK
2026-08-26T18:24:36.9203|INFO|ApplicationDeviceConnectionVM.cs|UsbDeviceWatcher_DeviceInserted|232|New USB device detected DeviceId: USB\VID_0424&PID_2412\6&2EF655E5&0&2, PnpDeviceId: USB\VID_0424&PID_2412\6&2EF655E5&0&2, Description: Hub USB generico, Name: Hub USB generico, Manufacturer: (HUB USB standard), Service: USBHUB3, Status: OK
2026-08-26T18:24:36.9204|INFO|ApplicationDeviceConnectionVM.cs|UsbDeviceWatcher_DeviceInserted|232|New USB device detected DeviceId: USB\VID_1A86&PID_7523\6&2CA8C582&0&4, PnpDeviceId: USB\VID_1A86&PID_7523\6&2CA8C582&0&4, Description: USB-SERIAL CH340, Name: USB-SERIAL CH340 (COM34), Manufacturer: wch.cn, Service: CH341SER_A64, Status: OK
2026-08-26T18:24:37.3596|INFO|ApplicationDeviceConnectionVM.cs|UsbDeviceWatcher_DeviceInserted|232|New USB device detected DeviceId: USB\VID_1A40&PID_0101\6&2EF655E5&0&3, PnpDeviceId: USB\VID_1A40&PID_0101\6&2EF655E5&0&3, Description: Hub USB generico, Name: Hub USB generico, Manufacturer: (HUB USB standard), Service: USBHUB3, Status: OK
2026-08-26T18:24:37.3598|INFO|ApplicationDeviceConnectionVM.cs|UsbDeviceWatcher_DeviceInserted|232|New USB device detected DeviceId: USB\VID_0547&PID_1433\6&1727222E&0&3, PnpDeviceId: USB\VID_0547&PID_1433\6&1727222E&0&3, Description: Dispositivo WinUSB, Name: USB3.0 Camera, Manufacturer: Dispositivo WinUSB, Service: WINUSB, Status: OK
2026-08-26T18:24:37.3601|INFO|ApplicationDeviceConnectionVM.cs|UsbDeviceWatcher_DeviceInserted|232|New USB device detected DeviceId: USB\VID_0403&PID_6015\PA47RVMY, PnpDeviceId: USB\VID_0403&PID_6015\PA47RVMY, Description: USB Serial Converter, Name: USB Serial Converter, Manufacturer: FTDI, Service: FTDIBUS, Status: OK
2026-08-26T18:24:37.3602|INFO|ApplicationDeviceConnectionVM.cs|UsbDeviceWatcher_DeviceInserted|232|New USB device detected DeviceId: USB\VID_1A40&PID_0201\6&2CA8C582&0&2, PnpDeviceId: USB\VID_1A40&PID_0201\6&2CA8C582&0&2, Description: Hub USB generico, Name: Hub USB generico, Manufacturer: (HUB USB standard), Service: USBHUB3, Status: OK
2026-08-26T18:24:38.5162|INFO|ApplicationDeviceConnectionVM.cs|UsbDeviceWatcher_DeviceInserted|232|New USB device detected DeviceId: USB\VID_0547&PID_BF10\7&7EF1AA&0&3, PnpDeviceId: USB\VID_0547&PID_BF10\7&7EF1AA&0&3, Description: Dispositivo WinUSB, Name: FILTERWHEEL  , Manufacturer: Dispositivo WinUSB, Service: WINUSB, Status: OK
2026-08-26T18:24:38.5163|INFO|ApplicationDeviceConnectionVM.cs|UsbDeviceWatcher_DeviceInserted|232|New USB device detected DeviceId: USB\VID_1A86&PID_7523\7&38C2A16F&0&2, PnpDeviceId: USB\VID_1A86&PID_7523\7&38C2A16F&0&2, Description: USB-SERIAL CH340, Name: USB-SERIAL CH340 (COM44), Manufacturer: wch.cn, Service: CH341SER_A64, Status: OK
2026-08-26T18:24:38.5163|INFO|ApplicationDeviceConnectionVM.cs|UsbDeviceWatcher_DeviceInserted|232|New USB device detected DeviceId: USB\VID_1618&PID_6952\7&7EA6B39&0&4, PnpDeviceId: USB\VID_1618&PID_6952\7&7EA6B39&0&4, Description: QHY695A, Name: QHY695A, Manufacturer: QHY CCD, Service: QHY695A_FW, Status: OK
2026-08-26T18:24:38.5163|INFO|ApplicationDeviceConnectionVM.cs|UsbDeviceWatcher_DeviceInserted|232|New USB device detected DeviceId: USB\VID_0403&PID_6010\7&7EA6B39&0&3, PnpDeviceId: USB\VID_0403&PID_6010\7&7EA6B39&0&3, Description: Dispositivo USB composito, Name: Dispositivo USB composito, Manufacturer: (Controller host USB standard), Service: usbccgp, Status: OK
2026-08-26T18:24:38.5164|INFO|ApplicationDeviceConnectionVM.cs|UsbDeviceWatcher_DeviceInserted|232|New USB device detected DeviceId: USB\VID_0403&PID_6010&MI_01\8&367DB49&0&0001, PnpDeviceId: USB\VID_0403&PID_6010&MI_01\8&367DB49&0&0001, Description: USB Serial Converter B, Name: USB Serial Converter B, Manufacturer: FTDI, Service: FTDIBUS, Status: OK
2026-08-26T18:24:38.5164|INFO|ApplicationDeviceConnectionVM.cs|UsbDeviceWatcher_DeviceInserted|232|New USB device detected DeviceId: USB\VID_0403&PID_6010&MI_00\8&367DB49&0&0000, PnpDeviceId: USB\VID_0403&PID_6010&MI_00\8&367DB49&0&0000, Description: USB Serial Converter A, Name: USB Serial Converter A, Manufacturer: FTDI, Service: FTDIBUS, Status: OK
2026-08-26T18:24:38.5164|INFO|ApplicationDeviceConnectionVM.cs|UsbDeviceWatcher_DeviceInserted|232|New USB device detected DeviceId: USB\VID_10C4&PID_EA60\28EAB5B658A6E9118D4DD6A44458CD37, PnpDeviceId: USB\VID_10C4&PID_EA60\28EAB5B658A6E9118D4DD6A44458CD37, Description: Silicon Labs CP210x USB to UART Bridge, Name: Silicon Labs CP210x USB to UART Bridge (COM16), Manufacturer: Silicon Labs, Service: silabser, Status: OK
2026-08-26T18:24:39.0755|INFO|ApplicationDeviceConnectionVM.cs|UsbDeviceWatcher_DeviceRemoved|237|USB Device disconnected DeviceId: USB\VID_1618&PID_6952\7&7EA6B39&0&4, PnpDeviceId: USB\VID_1618&PID_6952\7&7EA6B39&0&4, Description: QHY695A, Name: QHY695A, Manufacturer: QHY CCD, Service: QHY695A_FW, Status: Unknown
2026-08-26T18:24:39.9563|INFO|ApplicationDeviceConnectionVM.cs|UsbDeviceWatcher_DeviceInserted|232|New USB device detected DeviceId: USB\VID_1618&PID_0921\7&7EA6B39&0&1, PnpDeviceId: USB\VID_1618&PID_0921\7&7EA6B39&0&1, Description: QHY5II, Name: QHY5II, Manufacturer: QHY CCD, Service: QHY5II_IO, Status: OK
2026-08-26T18:24:41.0015|INFO|ApplicationDeviceConnectionVM.cs|UsbDeviceWatcher_DeviceInserted|232|New USB device detected DeviceId: USB\VID_1618&PID_6953\7&7EA6B39&0&4, PnpDeviceId: USB\VID_1618&PID_6953\7&7EA6B39&0&4, Description: QHY695A, Name: QHY695A, Manufacturer: QHY CCD, Service: QHY695A_IO, Status: OK
2026-08-26T18:26:46.6305|INFO|CameraChooserVM.cs|GetEquipment|69|Found 1 ASI Cameras
2026-08-26T18:26:46.7132|INFO|CameraChooserVM.cs|GetEquipment|84|Found 1 Altair Cameras
2026-08-26T18:26:46.8279|INFO|CameraChooserVM.cs|GetEquipment|96|Found 0 Atik Cameras
2026-08-26T18:26:46.8292|INFO|CameraChooserVM.cs|GetEquipment|110|Found 0 FLI Cameras
2026-08-26T18:26:46.8305|INFO|CameraChooserVM.cs|GetEquipment|130|Found 2 QHYCCD Cameras
2026-08-26T18:26:47.1227|INFO|CameraChooserVM.cs|GetEquipment|158|Found 2 ToupTek Cameras
2026-08-26T18:26:47.1349|INFO|CameraChooserVM.cs|GetEquipment|173|Found 1 Ogma Cameras
2026-08-26T18:26:47.1593|INFO|CameraChooserVM.cs|GetEquipment|188|Found 2 Omegon Cameras
2026-08-26T18:26:47.4113|INFO|CameraChooserVM.cs|GetEquipment|203|Found 2 RisingCam Cameras
2026-08-26T18:26:47.4374|INFO|CameraChooserVM.cs|GetEquipment|218|Found 1 MallinCam Cameras
2026-08-26T18:26:47.4433|INFO|CameraChooserVM.cs|GetEquipment|243|Found 1 SVBony Cameras
2026-08-26T18:26:47.4468|INFO|CameraChooserVM.cs|GetEquipment|259|Found 0 SBIG Cameras
2026-08-26T18:26:47.4487|INFO|CameraChooserVM.cs|GetEquipment|279|Found 0 SVBony Cameras
2026-08-26T18:26:47.4493|INFO|CameraChooserVM.cs|GetEquipment|279|Found 0 PlayerOne Cameras
2026-08-26T18:26:47.4537|INFO|CameraChooserVM.cs|GetEquipment|279|Found 0 ASTPAN Cameras
2026-08-26T18:26:47.4561|INFO|CameraChooserVM.cs|GetEquipment|293|Found 13 ASCOM Cameras
2026-08-26T18:26:49.4593|INFO|CameraChooserVM.cs|GetEquipment|305|Found 0 Alpaca Cameras
2026-08-26T18:26:49.4643|INFO|CameraChooserVM.cs|GetEquipment|318|Found 0 Canon Cameras
2026-08-26T18:26:55.4432|INFO|ApplicationDeviceConnectionVM.cs|UsbDeviceWatcher_DeviceInserted|232|New USB device detected DeviceId: USB\VID_15A2&PID_A50F\_CGX_V1, PnpDeviceId: USB\VID_15A2&PID_A50F\_CGX_V1, Description: Dispositivo seriale USB, Name: USB Serial Device (COM15), Manufacturer: Microsoft, Service: usbser, Status: OK
2026-08-26T18:30:25.1480|INFO|FocuserVM.cs|Disconnect|441|Disconnected Focuser
2026-08-26T18:30:25.8996|ERROR|AscomDevice.cs|Connected|147|Pegasus Astro Focus Controller should be connected but reports to be disconnected. Trying to reconnect...
2026-08-26T18:30:26.0155|INFO|AscomDevice.cs|TryReconnect|132|Pegasus Astro Focus Controller reconnection successful
2026-08-26T18:30:26.1444|INFO|FocuserVM.cs|ChooseFocuser|333|Successfully connected Focuser. Id: ASCOM.PegasusAstro.Focuser Name: Pegasus Astro Focus Controller DisplayName: Pegasus Astro Focus Controller (ASCOM) Driver Version: 2.20
2026-08-26T18:30:46.5829|INFO|FlatDeviceVM.cs|Disconnect|289|Disconnected Flat Device
2026-08-26T18:31:47.8369|INFO|FlatDeviceVM.cs|Connect|241|Successfully connected flat device. Id: ASCOM.WandererCover1.CoverCalibrator Name: WandererEmpire Cover 1 DisplayName: WandererEmpire Cover 1 (ASCOM) Driver Version: 2.0
2026-08-26T20:38:52.6640|INFO|SafetyMonitorVM.cs|UpdateMonitorValues|95|SafetyMonitorInfo state changed to Safe
2026-08-26T21:07:22.6568|INFO|SafetyMonitorVM.cs|UpdateMonitorValues|95|SafetyMonitorInfo state changed to Unsafe
2026-08-26T21:21:22.6597|INFO|SafetyMonitorVM.cs|UpdateMonitorValues|95|SafetyMonitorInfo state changed to Safe
2026-08-26T21:22:08.6572|INFO|SafetyMonitorVM.cs|UpdateMonitorValues|95|SafetyMonitorInfo state changed to Unsafe
2026-08-26T21:27:52.5766|WARNING|DeviceUpdateTimer.cs|Run|115|Focuser value update cycle took longer than the device poll interval (Total: 2.36s > 2s; Poll: 00:00:02.3563983; Update: 00:00:00.0001037)
2026-08-26T21:38:38.6613|INFO|SafetyMonitorVM.cs|UpdateMonitorValues|95|SafetyMonitorInfo state changed to Safe
2026-08-26T21:39:38.4847|INFO|AscomDevice.cs|Disconnect|378|Disconnecting from ASCOM.PegasusAstro.Focuser Pegasus Astro Focus Controller
2026-08-26T21:39:38.6211|INFO|FocuserVM.cs|Disconnect|441|Disconnected Focuser
2026-08-26T21:39:42.0144|INFO|AscomDevice.cs|Disconnect|378|Disconnecting from ASCOM.WandererCover1.CoverCalibrator WandererEmpire Cover 1
2026-08-26T21:39:42.0533|INFO|FlatDeviceVM.cs|Disconnect|289|Disconnected Flat Device
2026-08-26T21:39:45.1602|INFO|AscomDevice.cs|Disconnect|378|Disconnecting from ASCOM.CloudWatcher.ObservingConditions CloudWatcher ObsCond
2026-08-26T21:39:45.1782|INFO|WeatherDataVM.cs|Disconnect|305|Disconnected Weather Device
2026-08-26T21:39:48.3582|INFO|AscomDevice.cs|Disconnect|378|Disconnecting from ASCOM.TS_Shelter.Dome Shelter Dome
2026-08-26T21:39:48.6599|INFO|DomeVM.cs|Disconnect|355|Disconnected Dome Device
2026-08-26T21:39:51.8821|INFO|SafetyMonitorVM.cs|UpdateMonitorValues|95|SafetyMonitorInfo state changed to Unsafe
2026-08-26T21:39:51.8823|INFO|AscomDevice.cs|Disconnect|378|Disconnecting from ASCOM.Hub.SafetyMonitor Short driver name - please customise
2026-08-26T21:39:52.5573|INFO|SafetyMonitorVM.cs|Disconnect|221|Disconnected Safety Monitor
2026-08-26T21:39:56.5915|INFO|ApplicationVM.cs|Exit|244|Shutting down application - requested by user
2026-08-26T21:39:56.7026|INFO|ApplicationVM.cs|Closing|289|Application shutting down
2026-08-26T21:39:56.7658|INFO|DomeVM.cs|Disconnect|355|Disconnected Dome Device
2026-08-26T21:39:56.7699|INFO|FlatDeviceVM.cs|Disconnect|289|Disconnected Flat Device
2026-08-26T21:39:56.7865|INFO|CameraVM.cs|Disconnect|650|Disconnected Camera
2026-08-26T21:39:56.7997|INFO|TelescopeVM.cs|Disconnect|740|Disconnected mount
2026-08-26T21:39:56.8032|INFO|FilterWheelVM.cs|Disconnect|333|Disconnected Filter Wheel
2026-08-26T21:39:56.8039|INFO|FocuserVM.cs|Disconnect|441|Disconnected Focuser
2026-08-26T21:39:56.8083|INFO|RotatorVM.cs|Disconnect|447|Disconnected Rotator
2026-08-26T21:39:56.8116|INFO|SwitchVM.cs|Disconnect|309|Disconnected Switch
2026-08-26T21:39:56.8158|INFO|WeatherDataVM.cs|Disconnect|305|Disconnected Weather Device
2026-08-26T21:39:56.8161|INFO|SafetyMonitorVM.cs|Disconnect|221|Disconnected Safety Monitor
