----------------------------------------------------------------------
--------------N.I.N.A. - Nighttime Imaging 'N' Astronomy--------------
--------------------------Version 3.2.0.9001--------------------------
-------------------------2026-08-26T21:52:02--------------------------
----------------------------------------------------------------------
---------------------Microsoft Windows 10.0.17763---------------------
-------------------------OS Architecture X64--------------------------
-----------------------Process Architecture X64-----------------------
-----------------------------.NET 8.0.21------------------------------
----------------------------------------------------------------------
--------------------------Processor Count 2---------------------------
--------------------Total Physical Memory 11.68 GB--------------------
----------------------------------------------------------------------
DATE|LEVEL|SOURCE|MEMBER|LINE|MESSAGE
2026-08-26T21:52:02.3063|INFO|CameraChooserVM.cs|GetEquipment|69|Found 1 ASI Cameras
2026-08-26T21:52:03.0436|INFO|CameraChooserVM.cs|GetEquipment|84|Found 1 Altair Cameras
2026-08-26T21:52:03.2910|INFO|CameraChooserVM.cs|GetEquipment|96|Found 0 Atik Cameras
2026-08-26T21:52:03.2990|INFO|CameraChooserVM.cs|GetEquipment|110|Found 0 FLI Cameras
2026-08-26T21:52:04.4508|INFO|CameraChooserVM.cs|GetEquipment|130|Found 2 QHYCCD Cameras
2026-08-26T21:52:04.7777|INFO|CameraChooserVM.cs|GetEquipment|158|Found 2 ToupTek Cameras
2026-08-26T21:52:04.7935|INFO|CameraChooserVM.cs|GetEquipment|173|Found 1 Ogma Cameras
2026-08-26T21:52:04.8214|INFO|CameraChooserVM.cs|GetEquipment|188|Found 2 Omegon Cameras
2026-08-26T21:52:05.0818|INFO|CameraChooserVM.cs|GetEquipment|203|Found 2 RisingCam Cameras
2026-08-26T21:52:05.1123|INFO|CameraChooserVM.cs|GetEquipment|218|Found 1 MallinCam Cameras
2026-08-26T21:52:05.1239|INFO|CameraChooserVM.cs|GetEquipment|243|Found 1 SVBony Cameras
2026-08-26T21:52:05.1276|INFO|CameraChooserVM.cs|GetEquipment|259|Found 0 SBIG Cameras
2026-08-26T21:52:06.0495|INFO|PluginLoader.cs|LoadPlugin|402|Successfully loaded plugin Connector version 2.1.0.2 by Stefan Berg @isbeorn
2026-08-26T21:52:06.4403|INFO|PluginLoader.cs|LoadPlugin|402|Successfully loaded plugin Digital StarGate Observatory Telemetry Exporter version 0.2.0.0 by Digital StarGate
2026-08-26T21:52:06.8314|INFO|PluginLoader.cs|LoadPlugin|402|Successfully loaded plugin Hocus Focus version 3.0.0.25 by George Hilios (jokogeo)
2026-08-26T21:52:06.8675|INFO|PluginLoader.cs|LoadPlugin|402|Successfully loaded plugin Remote Copy version 3.0.1.0 by Tom Palmer @tcpalmer
2026-08-26T21:52:07.3348|INFO|PluginLoader.cs|LoadPlugin|402|Successfully loaded plugin RTSP Client version 3.1.0.6 by Stefan Berg @isbeorn
2026-08-26T21:52:07.3932|INFO|PluginLoader.cs|LoadPlugin|402|Successfully loaded plugin Three Point Polar Alignment version 2.2.4.3 by Stefan Berg @isbeorn
2026-08-26T21:52:07.4253|INFO|PluginLoader.cs|LoadPlugin|402|Successfully loaded plugin WandererAstro Tools version 3.0.0.0 by WandererAstro
2026-08-26T21:52:08.4043|INFO|PluginFetcher.cs|RequestAll|43|Fetching plugin manifests from https://nighttime-imaging.eu/wp-json/nina/v1/plugins/manifests
2026-08-26T21:52:08.5445|INFO|CameraChooserVM.cs|GetEquipment|279|Found 0 SVBony Cameras
2026-08-26T21:52:08.5477|INFO|CameraChooserVM.cs|GetEquipment|279|Found 0 PlayerOne Cameras
2026-08-26T21:52:08.5558|INFO|CameraChooserVM.cs|GetEquipment|279|Found 0 ASTPAN Cameras
2026-08-26T21:52:08.5587|INFO|CameraChooserVM.cs|GetEquipment|293|Found 13 ASCOM Cameras
2026-08-26T21:52:09.5381|INFO|FocuserChooserVM.cs|GetEquipment|84|Found 0 Alpaca Focusers
2026-08-26T21:52:10.5399|INFO|PluginFetcher.cs|RequestAll|57|Found 92 valid plugins at https://nighttime-imaging.eu/wp-json/nina/v1/plugins/manifests
2026-08-26T21:52:11.1984|INFO|RotatorChooserVM.cs|GetEquipment|68|Found 0 Alpaca Rotators
2026-08-26T21:52:11.2357|INFO|FilterWheelChooserVM.cs|GetEquipment|193|Found 0 Alpaca Filter Wheels
2026-08-26T21:52:11.2614|INFO|WeatherDataChooserVM.cs|GetEquipment|69|Found 0 Alpaca Observing Conditions
2026-08-26T21:52:11.3421|INFO|TelescopeChooserVM.cs|GetEquipment|69|Found 0 Alpaca Telescopes
2026-08-26T21:52:11.3567|INFO|FlatDeviceChooserVM.cs|GetEquipment|67|Found 0 Alpaca Cover Calibrators
2026-08-26T21:52:11.4685|INFO|CameraChooserVM.cs|GetEquipment|305|Found 0 Alpaca Cameras
2026-08-26T21:52:11.4721|INFO|CameraChooserVM.cs|GetEquipment|318|Found 0 Canon Cameras
2026-08-26T21:52:11.4948|INFO|DomeChooserVM.cs|GetEquipment|67|Found 0 Alpaca Domes
2026-08-26T21:52:11.5202|INFO|SwitchChooserVM.cs|GetEquipment|71|Found 0 Alpaca Switch Hubs
2026-08-26T21:52:11.5583|INFO|SafetyMonitorChooserVM.cs|GetEquipment|71|Found 0 Alpaca Safety Monitors
2026-08-26T21:52:12.6713|INFO|ApplicationVM.cs|CheckASCOMPlatformVersion|81|ASCOM Platform 7.1.3.4851 installed
2026-08-26T21:52:12.6718|INFO|ApplicationVM.cs|CheckDiskInfo|100|Available Space on Drive C:\: 7.99 GB
2026-08-26T21:52:12.6720|INFO|ApplicationVM.cs|CheckDiskInfo|100|Available Space on Drive D:\: 332.43 GB
2026-08-26T22:24:14.6020|INFO|ApplicationVM.cs|Exit|244|Shutting down application - requested by user
2026-08-26T22:24:14.6508|INFO|ApplicationVM.cs|Closing|289|Application shutting down
2026-08-26T22:24:14.8166|INFO|DomeVM.cs|Disconnect|355|Disconnected Dome Device
2026-08-26T22:24:14.8209|INFO|FlatDeviceVM.cs|Disconnect|289|Disconnected Flat Device
2026-08-26T22:24:14.8331|INFO|CameraVM.cs|Disconnect|650|Disconnected Camera
2026-08-26T22:24:14.8449|INFO|TelescopeVM.cs|Disconnect|740|Disconnected mount
2026-08-26T22:24:14.8472|INFO|FilterWheelVM.cs|Disconnect|333|Disconnected Filter Wheel
2026-08-26T22:24:14.8501|INFO|FocuserVM.cs|Disconnect|441|Disconnected Focuser
2026-08-26T22:24:14.8540|INFO|RotatorVM.cs|Disconnect|447|Disconnected Rotator
2026-08-26T22:24:14.8568|INFO|SwitchVM.cs|Disconnect|309|Disconnected Switch
2026-08-26T22:24:14.8603|INFO|WeatherDataVM.cs|Disconnect|305|Disconnected Weather Device
2026-08-26T22:24:14.8627|INFO|SafetyMonitorVM.cs|Disconnect|221|Disconnected Safety Monitor
